// Jest Snapshot v1, https://goo.gl/fbAQLP

exports[`Raids renders correctly 1`] = `
<h2>
  Raids
</h2>
`;
