// Jest Snapshot v1, https://goo.gl/fbAQLP

exports[`<DropdownCheckboxFilterItem> renders correctly 1`] = `
<div
  className="dropdown-item"
>
  <input
    onChange={[Function]}
    type="checkbox"
    value="Ered-Luin"
  />
  Ered-Luin
</div>
`;
