// Jest Snapshot v1, https://goo.gl/fbAQLP

exports[`<DropdownCheckboxFilterItem> renders correctly 1`] = `
<div
  className="dropdown-item"
>
  <input
    className="is-checkradio"
    id="region-id"
    name="Ered-Luin"
    onChange={[Function]}
    type="checkbox"
    value="Ered-Luin"
  />
  <label
    htmlFor="region-id"
  >
    Ered-Luin
  </label>
</div>
`;
