// Jest Snapshot v1, https://goo.gl/fbAQLP

exports[`<NotFound> renders correctly 1`] = `
<h2>
  Not found
</h2>
`;
