// Jest Snapshot v1, https://goo.gl/fbAQLP

exports[`<Level> renders correctly 1`] = `
Array [
  "Level: ",
  "5",
]
`;

exports[`<LevelRange> renders correctly with  only mimimum specified 1`] = `null`;
